Archive member included to satisfy reference by file (symbol)

c:/devkitPro/libnds/lib\libnds9.a(keys.o)
                              template.o (scanKeys)
c:/devkitPro/libnds/lib\libnds9.a(sprite.o)
                              template.o (oamInit)
c:/devkitPro/libnds/lib\libnds9.a(trig.o)
                              c:/devkitPro/libnds/lib\libnds9.a(sprite.o) (sinLerp)
c:/devkitPro/libnds/lib\libnds9.a(sprite_alloc.o)
                              c:/devkitPro/libnds/lib\libnds9.a(sprite.o) (oamAllocReset)
c:/devkitPro/libnds/lib\libnds9.a(background.o)
                              template.o (bgState)
c:/devkitPro/libnds/lib\libnds9.a(initSystem.o)
                              c:/devkitpro/devkitarm/bin/../lib/gcc/arm-none-eabi/5.3.0/../../../../arm-none-eabi/lib/thumb/ds_arm9_crt0.o (initSystem)
c:/devkitPro/libnds/lib\libnds9.a(fifosystem.o)
                              c:/devkitPro/libnds/lib\libnds9.a(initSystem.o) (fifoSetValue32Handler)
c:/devkitPro/libnds/lib\libnds9.a(libnds_exit.arm.o)
                              c:/devkitpro/devkitarm/bin/../lib/gcc/arm-none-eabi/5.3.0/../../../../arm-none-eabi/lib/thumb/ds_arm9_crt0.o (__libnds_exit)
c:/devkitPro/libnds/lib\libnds9.a(interrupts.o)
                              c:/devkitPro/libnds/lib\libnds9.a(fifosystem.o) (irqSet)
c:/devkitPro/libnds/lib\libnds9.a(dcache.o)
                              c:/devkitPro/libnds/lib\libnds9.a(sprite.o) (DC_FlushRange)
c:/devkitPro/libnds/lib\libnds9.a(IntrWait.o)
                              c:/devkitPro/libnds/lib\libnds9.a(fifosystem.o) (swiIntrWait)
c:/devkitPro/libnds/lib\libnds9.a(mpu_setup.o)
                              c:/devkitpro/devkitarm/bin/../lib/gcc/arm-none-eabi/5.3.0/../../../../arm-none-eabi/lib/thumb/ds_arm9_crt0.o (__libnds_mpu_setup)
c:/devkitPro/libnds/lib\libnds9.a(swiSoftReset.o)
                              c:/devkitPro/libnds/lib\libnds9.a(fifosystem.o) (swiSoftReset)
c:/devkitPro/libnds/lib\libnds9.a(biosCalls.o)
                              template.o (swiWaitForVBlank)
c:/devkitPro/libnds/lib\libnds9.a(interruptDispatcher.o)
                              c:/devkitPro/libnds/lib\libnds9.a(interrupts.o) (IntrMain)
c:/devkitPro/libnds/lib\libnds9.a(system.o)
                              c:/devkitPro/libnds/lib\libnds9.a(initSystem.o) (systemValueHandler)
c:/devkitPro/libnds/lib\libnds9.a(video.o)
                              c:/devkitPro/libnds/lib\libnds9.a(initSystem.o) (vramDefault)
c:/devkitPro/libnds/lib\libnds9.a(timeSupport.o)
                              c:/devkitPro/libnds/lib\libnds9.a(initSystem.o) (__libnds_gtod)
c:/devkitpro/devkitarm/bin/../lib/gcc/arm-none-eabi/5.3.0/../../../../arm-none-eabi/lib/thumb\libg.a(lib_a-bsearch.o)
                              c:/devkitPro/libnds/lib\libnds9.a(trig.o) (bsearch)
c:/devkitpro/devkitarm/bin/../lib/gcc/arm-none-eabi/5.3.0/../../../../arm-none-eabi/lib/thumb\libg.a(lib_a-init.o)
                              c:/devkitpro/devkitarm/bin/../lib/gcc/arm-none-eabi/5.3.0/../../../../arm-none-eabi/lib/thumb/ds_arm9_crt0.o (__libc_init_array)
c:/devkitpro/devkitarm/bin/../lib/gcc/arm-none-eabi/5.3.0/../../../../arm-none-eabi/lib/thumb\libg.a(lib_a-malloc.o)
                              c:/devkitPro/libnds/lib\libnds9.a(sprite_alloc.o) (malloc)
c:/devkitpro/devkitarm/bin/../lib/gcc/arm-none-eabi/5.3.0/../../../../arm-none-eabi/lib/thumb\libg.a(lib_a-mallocr.o)
                              c:/devkitpro/devkitarm/bin/../lib/gcc/arm-none-eabi/5.3.0/../../../../arm-none-eabi/lib/thumb\libg.a(lib_a-malloc.o) (_malloc_r)
c:/devkitpro/devkitarm/bin/../lib/gcc/arm-none-eabi/5.3.0/../../../../arm-none-eabi/lib/thumb\libg.a(lib_a-memcpy.o)
                              c:/devkitPro/libnds/lib\libnds9.a(fifosystem.o) (memcpy)
c:/devkitpro/devkitarm/bin/../lib/gcc/arm-none-eabi/5.3.0/../../../../arm-none-eabi/lib/thumb\libg.a(lib_a-memset.o)
                              template.o (memset)
c:/devkitpro/devkitarm/bin/../lib/gcc/arm-none-eabi/5.3.0/../../../../arm-none-eabi/lib/thumb\libg.a(lib_a-mlock.o)
                              c:/devkitpro/devkitarm/bin/../lib/gcc/arm-none-eabi/5.3.0/../../../../arm-none-eabi/lib/thumb\libg.a(lib_a-mallocr.o) (__malloc_lock)
c:/devkitpro/devkitarm/bin/../lib/gcc/arm-none-eabi/5.3.0/../../../../arm-none-eabi/lib/thumb\libg.a(lib_a-realloc.o)
                              c:/devkitPro/libnds/lib\libnds9.a(sprite_alloc.o) (realloc)
c:/devkitpro/devkitarm/bin/../lib/gcc/arm-none-eabi/5.3.0/../../../../arm-none-eabi/lib/thumb\libg.a(lib_a-reallocr.o)
                              c:/devkitpro/devkitarm/bin/../lib/gcc/arm-none-eabi/5.3.0/../../../../arm-none-eabi/lib/thumb\libg.a(lib_a-realloc.o) (_realloc_r)
c:/devkitpro/devkitarm/bin/../lib/gcc/arm-none-eabi/5.3.0/../../../../arm-none-eabi/lib/thumb\libg.a(lib_a-freer.o)
                              c:/devkitpro/devkitarm/bin/../lib/gcc/arm-none-eabi/5.3.0/../../../../arm-none-eabi/lib/thumb\libg.a(lib_a-malloc.o) (_free_r)
c:/devkitpro/devkitarm/bin/../lib/gcc/arm-none-eabi/5.3.0/../../../../arm-none-eabi/lib/thumb\libg.a(lib_a-memmove.o)
                              c:/devkitpro/devkitarm/bin/../lib/gcc/arm-none-eabi/5.3.0/../../../../arm-none-eabi/lib/thumb\libg.a(lib_a-reallocr.o) (memmove)
c:/devkitpro/devkitarm/bin/../lib/gcc/arm-none-eabi/5.3.0/../../../../arm-none-eabi/lib/thumb\libsysbase.a(sbrk.o)
                              c:/devkitpro/devkitarm/bin/../lib/gcc/arm-none-eabi/5.3.0/../../../../arm-none-eabi/lib/thumb\libg.a(lib_a-mallocr.o) (_sbrk_r)
c:/devkitpro/devkitarm/bin/../lib/gcc/arm-none-eabi/5.3.0/../../../../arm-none-eabi/lib/thumb\libsysbase.a(malloc_vars.o)
                              c:/devkitpro/devkitarm/bin/../lib/gcc/arm-none-eabi/5.3.0/../../../../arm-none-eabi/lib/thumb/ds_arm9_crt0.o (fake_heap_start)
c:/devkitpro/devkitarm/bin/../lib/gcc/arm-none-eabi/5.3.0/../../../../arm-none-eabi/lib/thumb\libsysbase.a(build_argv.o)
                              c:/devkitpro/devkitarm/bin/../lib/gcc/arm-none-eabi/5.3.0/../../../../arm-none-eabi/lib/thumb/ds_arm9_crt0.o (build_argv)
c:/devkitpro/devkitarm/bin/../lib/gcc/arm-none-eabi/5.3.0/../../../../arm-none-eabi/lib/thumb\libsysbase.a(syscall_support.o)
                              c:/devkitpro/devkitarm/bin/../lib/gcc/arm-none-eabi/5.3.0/../../../../arm-none-eabi/lib/thumb\libg.a(lib_a-mlock.o) (__libc_lock_acquire_recursive)
c:/devkitpro/devkitarm/bin/../lib/gcc/arm-none-eabi/5.3.0/../../../../arm-none-eabi/lib/thumb\libsysbase.a(getreent.o)
                              c:/devkitpro/devkitarm/bin/../lib/gcc/arm-none-eabi/5.3.0/../../../../arm-none-eabi/lib/thumb\libg.a(lib_a-malloc.o) (__getreent)
c:/devkitpro/devkitarm/bin/../lib/gcc/arm-none-eabi/5.3.0/../../../../arm-none-eabi/lib/thumb\libg.a(lib_a-impure.o)
                              c:/devkitpro/devkitarm/bin/../lib/gcc/arm-none-eabi/5.3.0/../../../../arm-none-eabi/lib/thumb\libsysbase.a(getreent.o) (_impure_ptr)

Allocating common symbols
Common symbol       size              file

fifo_datamsg_data   0x40              c:/devkitPro/libnds/lib\libnds9.a(fifosystem.o)
__dsimode           0x1               c:/devkitPro/libnds/lib\libnds9.a(initSystem.o)
bgState             0x140             c:/devkitPro/libnds/lib\libnds9.a(background.o)
fifo_buffer         0x800             c:/devkitPro/libnds/lib\libnds9.a(fifosystem.o)
bgIsTextLut         0x8               c:/devkitPro/libnds/lib\libnds9.a(background.o)
fifo_value32_func   0x40              c:/devkitPro/libnds/lib\libnds9.a(fifosystem.o)
fifo_address_func   0x40              c:/devkitPro/libnds/lib\libnds9.a(fifosystem.o)
fifo_value32_data   0x40              c:/devkitPro/libnds/lib\libnds9.a(fifosystem.o)
fifo_value32_queue  0x40              c:/devkitPro/libnds/lib\libnds9.a(fifosystem.o)
fifo_data_queue     0x40              c:/devkitPro/libnds/lib\libnds9.a(fifosystem.o)
OamMemorySub        0x400             c:/devkitPro/libnds/lib\libnds9.a(sprite.o)
punixTime           0x4               c:/devkitPro/libnds/lib\libnds9.a(timeSupport.o)
fifo_address_data   0x40              c:/devkitPro/libnds/lib\libnds9.a(fifosystem.o)
fifo_datamsg_func   0x40              c:/devkitPro/libnds/lib\libnds9.a(fifosystem.o)
OamMemory           0x400             c:/devkitPro/libnds/lib\libnds9.a(sprite.o)
fifo_address_queue  0x40              c:/devkitPro/libnds/lib\libnds9.a(fifosystem.o)

Discarded input sections

 .text          0x00000000        0x0 c:/devkitpro/devkitarm/bin/../lib/gcc/arm-none-eabi/5.3.0/../../../../arm-none-eabi/lib/thumb/ds_arm9_crt0.o
 .data          0x00000000        0x0 c:/devkitpro/devkitarm/bin/../lib/gcc/arm-none-eabi/5.3.0/../../../../arm-none-eabi/lib/thumb/ds_arm9_crt0.o
 .bss           0x00000000        0x0 c:/devkitpro/devkitarm/bin/../lib/gcc/arm-none-eabi/5.3.0/../../../../arm-none-eabi/lib/thumb/ds_arm9_crt0.o
 .text          0x00000000        0x0 c:/devkitpro/devkitarm/bin/../lib/gcc/arm-none-eabi/5.3.0/thumb/crti.o
 .data          0x00000000        0x0 c:/devkitpro/devkitarm/bin/../lib/gcc/arm-none-eabi/5.3.0/thumb/crti.o
 .bss           0x00000000        0x0 c:/devkitpro/devkitarm/bin/../lib/gcc/arm-none-eabi/5.3.0/thumb/crti.o
 .data          0x00000000        0x4 c:/devkitpro/devkitarm/bin/../lib/gcc/arm-none-eabi/5.3.0/thumb/crtbegin.o
 .text          0x00000000        0x0 background.o
 .data          0x00000000        0x0 background.o
 .bss           0x00000000        0x0 background.o
 .text          0x00000000        0x0 ifelya.o
 .data          0x00000000        0x0 ifelya.o
 .bss           0x00000000        0x0 ifelya.o
 .text          0x00000000        0x0 leaf.o
 .data          0x00000000        0x0 leaf.o
 .bss           0x00000000        0x0 leaf.o
 .text          0x00000000        0x0 woman.o
 .data          0x00000000        0x0 woman.o
 .bss           0x00000000        0x0 woman.o
 .rodata        0x00000000     0x3200 woman.o
 .ARM.attributes
                0x00000000       0x14 woman.o
 .data          0x00000000        0x0 template.o
 .bss           0x00000000        0x0 template.o
 .bss           0x00000000        0x0 c:/devkitPro/libnds/lib\libnds9.a(sprite.o)
 .data          0x00000000        0x0 c:/devkitPro/libnds/lib\libnds9.a(trig.o)
 .bss           0x00000000        0x0 c:/devkitPro/libnds/lib\libnds9.a(trig.o)
 .data          0x00000000        0x0 c:/devkitPro/libnds/lib\libnds9.a(sprite_alloc.o)
 .bss           0x00000000        0x0 c:/devkitPro/libnds/lib\libnds9.a(sprite_alloc.o)
 .bss           0x00000000        0x0 c:/devkitPro/libnds/lib\libnds9.a(background.o)
 .data          0x00000000        0x0 c:/devkitPro/libnds/lib\libnds9.a(initSystem.o)
 .bss           0x00000000        0x0 c:/devkitPro/libnds/lib\libnds9.a(initSystem.o)
 .data          0x00000000        0x0 c:/devkitPro/libnds/lib\libnds9.a(libnds_exit.arm.o)
 .bss           0x00000000        0x0 c:/devkitPro/libnds/lib\libnds9.a(libnds_exit.arm.o)
 .data          0x00000000        0x0 c:/devkitPro/libnds/lib\libnds9.a(interrupts.o)
 .bss           0x00000000        0x0 c:/devkitPro/libnds/lib\libnds9.a(interrupts.o)
 .data          0x00000000        0x0 c:/devkitPro/libnds/lib\libnds9.a(dcache.o)
 .bss           0x00000000        0x0 c:/devkitPro/libnds/lib\libnds9.a(dcache.o)
 .data          0x00000000        0x0 c:/devkitPro/libnds/lib\libnds9.a(IntrWait.o)
 .bss           0x00000000        0x0 c:/devkitPro/libnds/lib\libnds9.a(IntrWait.o)
 .data          0x00000000        0x0 c:/devkitPro/libnds/lib\libnds9.a(mpu_setup.o)
 .bss           0x00000000        0x0 c:/devkitPro/libnds/lib\libnds9.a(mpu_setup.o)
 .data          0x00000000        0x0 c:/devkitPro/libnds/lib\libnds9.a(swiSoftReset.o)
 .bss           0x00000000        0x0 c:/devkitPro/libnds/lib\libnds9.a(swiSoftReset.o)
 .data          0x00000000        0x0 c:/devkitPro/libnds/lib\libnds9.a(biosCalls.o)
 .bss           0x00000000        0x0 c:/devkitPro/libnds/lib\libnds9.a(biosCalls.o)
 .text          0x00000000        0x0 c:/devkitPro/libnds/lib\libnds9.a(interruptDispatcher.o)
 .data          0x00000000        0x0 c:/devkitPro/libnds/lib\libnds9.a(interruptDispatcher.o)
 .bss           0x00000000        0x0 c:/devkitPro/libnds/lib\libnds9.a(interruptDispatcher.o)
 .data          0x00000000        0x0 c:/devkitPro/libnds/lib\libnds9.a(system.o)
 .data          0x00000000        0x0 c:/devkitPro/libnds/lib\libnds9.a(video.o)
 .bss           0x00000000        0x0 c:/devkitPro/libnds/lib\libnds9.a(video.o)
 .data          0x00000000        0x0 c:/devkitPro/libnds/lib\libnds9.a(timeSupport.o)
 .bss           0x00000000        0x0 c:/devkitPro/libnds/lib\libnds9.a(timeSupport.o)
 .text          0x00000000        0x0 c:/devkitpro/devkitarm/bin/../lib/gcc/arm-none-eabi/5.3.0/../../../../arm-none-eabi/lib/thumb\libg.a(lib_a-bsearch.o)
 .data          0x00000000        0x0 c:/devkitpro/devkitarm/bin/../lib/gcc/arm-none-eabi/5.3.0/../../../../arm-none-eabi/lib/thumb\libg.a(lib_a-bsearch.o)
 .bss           0x00000000        0x0 c:/devkitpro/devkitarm/bin/../lib/gcc/arm-none-eabi/5.3.0/../../../../arm-none-eabi/lib/thumb\libg.a(lib_a-bsearch.o)
 .text          0x00000000        0x0 c:/devkitpro/devkitarm/bin/../lib/gcc/arm-none-eabi/5.3.0/../../../../arm-none-eabi/lib/thumb\libg.a(lib_a-init.o)
 .data          0x00000000        0x0 c:/devkitpro/devkitarm/bin/../lib/gcc/arm-none-eabi/5.3.0/../../../../arm-none-eabi/lib/thumb\libg.a(lib_a-init.o)
 .bss           0x00000000        0x0 c:/devkitpro/devkitarm/bin/../lib/gcc/arm-none-eabi/5.3.0/../../../../arm-none-eabi/lib/thumb\libg.a(lib_a-init.o)
 .text          0x00000000        0x0 c:/devkitpro/devkitarm/bin/../lib/gcc/arm-none-eabi/5.3.0/../../../../arm-none-eabi/lib/thumb\libg.a(lib_a-malloc.o)
 .data          0x00000000        0x0 c:/devkitpro/devkitarm/bin/../lib/gcc/arm-none-eabi/5.3.0/../../../../arm-none-eabi/lib/thumb\libg.a(lib_a-malloc.o)
 .bss           0x00000000        0x0 c:/devkitpro/devkitarm/bin/../lib/gcc/arm-none-eabi/5.3.0/../../../../arm-none-eabi/lib/thumb\libg.a(lib_a-malloc.o)
 .text          0x00000000        0x0 c:/devkitpro/devkitarm/bin/../lib/gcc/arm-none-eabi/5.3.0/../../../../arm-none-eabi/lib/thumb\libg.a(lib_a-mallocr.o)
 .data          0x00000000        0x0 c:/devkitpro/devkitarm/bin/../lib/gcc/arm-none-eabi/5.3.0/../../../../arm-none-eabi/lib/thumb\libg.a(lib_a-mallocr.o)
 .bss           0x00000000        0x0 c:/devkitpro/devkitarm/bin/../lib/gcc/arm-none-eabi/5.3.0/../../../../arm-none-eabi/lib/thumb\libg.a(lib_a-mallocr.o)
 .text          0x00000000        0x0 c:/devkitpro/devkitarm/bin/../lib/gcc/arm-none-eabi/5.3.0/../../../../arm-none-eabi/lib/thumb\libg.a(lib_a-memcpy.o)
 .data          0x00000000        0x0 c:/devkitpro/devkitarm/bin/../lib/gcc/arm-none-eabi/5.3.0/../../../../arm-none-eabi/lib/thumb\libg.a(lib_a-memcpy.o)
 .bss           0x00000000        0x0 c:/devkitpro/devkitarm/bin/../lib/gcc/arm-none-eabi/5.3.0/../../../../arm-none-eabi/lib/thumb\libg.a(lib_a-memcpy.o)
 .text          0x00000000        0x0 c:/devkitpro/devkitarm/bin/../lib/gcc/arm-none-eabi/5.3.0/../../../../arm-none-eabi/lib/thumb\libg.a(lib_a-memset.o)
 .data          0x00000000        0x0 c:/devkitpro/devkitarm/bin/../lib/gcc/arm-none-eabi/5.3.0/../../../../arm-none-eabi/lib/thumb\libg.a(lib_a-memset.o)
 .bss           0x00000000        0x0 c:/devkitpro/devkitarm/bin/../lib/gcc/arm-none-eabi/5.3.0/../../../../arm-none-eabi/lib/thumb\libg.a(lib_a-memset.o)
 .text          0x00000000        0x0 c:/devkitpro/devkitarm/bin/../lib/gcc/arm-none-eabi/5.3.0/../../../../arm-none-eabi/lib/thumb\libg.a(lib_a-mlock.o)
 .data          0x00000000        0x0 c:/devkitpro/devkitarm/bin/../lib/gcc/arm-none-eabi/5.3.0/../../../../arm-none-eabi/lib/thumb\libg.a(lib_a-mlock.o)
 .bss           0x00000000        0x0 c:/devkitpro/devkitarm/bin/../lib/gcc/arm-none-eabi/5.3.0/../../../../arm-none-eabi/lib/thumb\libg.a(lib_a-mlock.o)
 .text          0x00000000        0x0 c:/devkitpro/devkitarm/bin/../lib/gcc/arm-none-eabi/5.3.0/../../../../arm-none-eabi/lib/thumb\libg.a(lib_a-realloc.o)
 .data          0x00000000        0x0 c:/devkitpro/devkitarm/bin/../lib/gcc/arm-none-eabi/5.3.0/../../../../arm-none-eabi/lib/thumb\libg.a(lib_a-realloc.o)
 .bss           0x00000000        0x0 c:/devkitpro/devkitarm/bin/../lib/gcc/arm-none-eabi/5.3.0/../../../../arm-none-eabi/lib/thumb\libg.a(lib_a-realloc.o)
 .text          0x00000000        0x0 c:/devkitpro/devkitarm/bin/../lib/gcc/arm-none-eabi/5.3.0/../../../../arm-none-eabi/lib/thumb\libg.a(lib_a-reallocr.o)
 .data          0x00000000        0x0 c:/devkitpro/devkitarm/bin/../lib/gcc/arm-none-eabi/5.3.0/../../../../arm-none-eabi/lib/thumb\libg.a(lib_a-reallocr.o)
 .bss           0x00000000        0x0 c:/devkitpro/devkitarm/bin/../lib/gcc/arm-none-eabi/5.3.0/../../../../arm-none-eabi/lib/thumb\libg.a(lib_a-reallocr.o)
 .text          0x00000000        0x0 c:/devkitpro/devkitarm/bin/../lib/gcc/arm-none-eabi/5.3.0/../../../../arm-none-eabi/lib/thumb\libg.a(lib_a-freer.o)
 .data          0x00000000        0x0 c:/devkitpro/devkitarm/bin/../lib/gcc/arm-none-eabi/5.3.0/../../../../arm-none-eabi/lib/thumb\libg.a(lib_a-freer.o)
 .bss           0x00000000        0x0 c:/devkitpro/devkitarm/bin/../lib/gcc/arm-none-eabi/5.3.0/../../../../arm-none-eabi/lib/thumb\libg.a(lib_a-freer.o)
 .text          0x00000000        0x0 c:/devkitpro/devkitarm/bin/../lib/gcc/arm-none-eabi/5.3.0/../../../../arm-none-eabi/lib/thumb\libg.a(lib_a-memmove.o)
 .data          0x00000000        0x0 c:/devkitpro/devkitarm/bin/../lib/gcc/arm-none-eabi/5.3.0/../../../../arm-none-eabi/lib/thumb\libg.a(lib_a-memmove.o)
 .bss           0x00000000        0x0 c:/devkitpro/devkitarm/bin/../lib/gcc/arm-none-eabi/5.3.0/../../../../arm-none-eabi/lib/thumb\libg.a(lib_a-memmove.o)
 .data          0x00000000        0x0 c:/devkitpro/devkitarm/bin/../lib/gcc/arm-none-eabi/5.3.0/../../../../arm-none-eabi/lib/thumb\libsysbase.a(sbrk.o)
 .text          0x00000000        0x0 c:/devkitpro/devkitarm/bin/../lib/gcc/arm-none-eabi/5.3.0/../../../../arm-none-eabi/lib/thumb\libsysbase.a(malloc_vars.o)
 .data          0x00000000        0x0 c:/devkitpro/devkitarm/bin/../lib/gcc/arm-none-eabi/5.3.0/../../../../arm-none-eabi/lib/thumb\libsysbase.a(malloc_vars.o)
 .data          0x00000000        0x0 c:/devkitpro/devkitarm/bin/../lib/gcc/arm-none-eabi/5.3.0/../../../../arm-none-eabi/lib/thumb\libsysbase.a(build_argv.o)
 .bss           0x00000000        0x0 c:/devkitpro/devkitarm/bin/../lib/gcc/arm-none-eabi/5.3.0/../../../../arm-none-eabi/lib/thumb\libsysbase.a(build_argv.o)
 .data          0x00000000        0x0 c:/devkitpro/devkitarm/bin/../lib/gcc/arm-none-eabi/5.3.0/../../../../arm-none-eabi/lib/thumb\libsysbase.a(syscall_support.o)
 .data          0x00000000        0x0 c:/devkitpro/devkitarm/bin/../lib/gcc/arm-none-eabi/5.3.0/../../../../arm-none-eabi/lib/thumb\libsysbase.a(getreent.o)
 .bss           0x00000000        0x0 c:/devkitpro/devkitarm/bin/../lib/gcc/arm-none-eabi/5.3.0/../../../../arm-none-eabi/lib/thumb\libsysbase.a(getreent.o)
 .text          0x00000000        0x0 c:/devkitpro/devkitarm/bin/../lib/gcc/arm-none-eabi/5.3.0/../../../../arm-none-eabi/lib/thumb\libg.a(lib_a-impure.o)
 .data          0x00000000        0x0 c:/devkitpro/devkitarm/bin/../lib/gcc/arm-none-eabi/5.3.0/../../../../arm-none-eabi/lib/thumb\libg.a(lib_a-impure.o)
 .bss           0x00000000        0x0 c:/devkitpro/devkitarm/bin/../lib/gcc/arm-none-eabi/5.3.0/../../../../arm-none-eabi/lib/thumb\libg.a(lib_a-impure.o)
 .rodata._global_impure_ptr
                0x00000000        0x4 c:/devkitpro/devkitarm/bin/../lib/gcc/arm-none-eabi/5.3.0/../../../../arm-none-eabi/lib/thumb\libg.a(lib_a-impure.o)
 .text          0x00000000        0x0 c:/devkitpro/devkitarm/bin/../lib/gcc/arm-none-eabi/5.3.0/thumb/crtend.o
 .data          0x00000000        0x0 c:/devkitpro/devkitarm/bin/../lib/gcc/arm-none-eabi/5.3.0/thumb/crtend.o
 .bss           0x00000000        0x0 c:/devkitpro/devkitarm/bin/../lib/gcc/arm-none-eabi/5.3.0/thumb/crtend.o
 .text          0x00000000        0x0 c:/devkitpro/devkitarm/bin/../lib/gcc/arm-none-eabi/5.3.0/thumb/crtn.o
 .data          0x00000000        0x0 c:/devkitpro/devkitarm/bin/../lib/gcc/arm-none-eabi/5.3.0/thumb/crtn.o
 .bss           0x00000000        0x0 c:/devkitpro/devkitarm/bin/../lib/gcc/arm-none-eabi/5.3.0/thumb/crtn.o

Memory Configuration

Name             Origin             Length             Attributes
rom              0x08000000         0x02000000
ewram            0x02000000         0x003ff000
dtcm             0x0b000000         0x00004000
vectors          0x01000000         0x00000100
itcm             0x01000100         0x00007f00
*default*        0x00000000         0xffffffff

Linker script and memory map

                0x01000000                __vectors_start = ORIGIN (vectors)
                0x01000100                __itcm_start = ORIGIN (itcm)
                0x023ff000                __ewram_end = (ORIGIN (ewram) + 0x3ff000)
                0x023ff000                __eheap_end = (ORIGIN (ewram) + 0x3ff000)
                0x0b000000                __dtcm_start = ORIGIN (dtcm)
                0x0b004000                __dtcm_top = (ORIGIN (dtcm) + 0x4000)
                0x0b003ff8                __irq_flags = (__dtcm_top - 0x8)
                0x0b003ffc                __irq_vector = (__dtcm_top - 0x4)
                0x0b003f00                __sp_svc = (__dtcm_top - 0x100)
                0x0b003e00                __sp_irq = (__sp_svc - 0x100)
                0x0b003d00                __sp_usr = (__sp_irq - 0x100)

.init           0x02000000      0x23c
                0x02000000                __text_start = .
 *(.init)
 .init          0x02000000      0x230 c:/devkitpro/devkitarm/bin/../lib/gcc/arm-none-eabi/5.3.0/../../../../arm-none-eabi/lib/thumb/ds_arm9_crt0.o
                0x02000000                _start
 .init          0x02000230        0x4 c:/devkitpro/devkitarm/bin/../lib/gcc/arm-none-eabi/5.3.0/thumb/crti.o
                0x02000230                _init
 .init          0x02000234        0x8 c:/devkitpro/devkitarm/bin/../lib/gcc/arm-none-eabi/5.3.0/thumb/crtn.o
                0x0200023c                . = ALIGN (0x4)

.plt
 *(.plt)

.text           0x02000240     0x3a80
 *(EXCLUDE_FILE(*.itcm*) .text)
 .text          0x02000240       0xd4 c:/devkitpro/devkitarm/bin/../lib/gcc/arm-none-eabi/5.3.0/thumb/crtbegin.o
 .text          0x02000314       0x74 template.o
                0x02000314                animateSprite
                0x02000364                initSprite
 .text          0x02000388       0xf4 c:/devkitPro/libnds/lib\libnds9.a(keys.o)
                0x02000388                scanKeys
                0x020003f4                keysHeld
                0x02000400                keysDown
                0x02000410                keysDownRepeat
                0x02000420                keysSetRepeat
                0x02000438                keysUp
                0x02000448                keysCurrent
 .text          0x0200047c      0x3f8 c:/devkitPro/libnds/lib\libnds9.a(sprite.o)
                0x0200047c                oamInit
                0x02000598                oamDisable
                0x020005c4                oamEnable
                0x020005e4                oamGetGfxPtr
                0x0200061c                oamClear
                0x02000644                oamGfxPtrToOffset
                0x02000674                oamSet
                0x020007c8                oamUpdate
                0x02000828                oamRotateScale
 .text          0x02000874      0x2a0 c:/devkitPro/libnds/lib\libnds9.a(trig.o)
                0x02000874                asinComp
                0x02000898                sinLutLookup
                0x020008d0                sinLerp
                0x0200096c                cosLerp
                0x02000980                tanLutLookup
                0x020009b8                tanLerp
                0x02000a60                asinLerp
                0x02000adc                acosLerp
                0x02000af0                atanComp
 .text          0x02000b14      0x450 c:/devkitPro/libnds/lib\libnds9.a(sprite_alloc.o)
                0x02000b44                oamAllocReset
                0x02000b60                oamAllocateGfx
                0x02000d88                oamFreeGfx
                0x02000f10                oamCountFragments
 .text          0x02000f64      0x350 c:/devkitPro/libnds/lib\libnds9.a(background.o)
                0x02000fa0                bgIsText
                0x02000fac                checkIfText
                0x02000fd4                bgUpdate
                0x020010c4                bgInit_call
                0x020011b4                bgInitSub_call
 .text          0x020012b4      0x148 c:/devkitPro/libnds/lib\libnds9.a(initSystem.o)
                0x020012b4                initSystem
 .text          0x020013fc      0xd04 c:/devkitPro/libnds/lib\libnds9.a(fifosystem.o)
                0x02001650                fifoSetValue32Handler
                0x020016c4                fifoSendAddress
                0x020016fc                fifoSendValue32
                0x0200174c                fifoSendDatamsg
                0x020017dc                fifoGetAddress
                0x02001848                fifoSetAddressHandler
                0x020018bc                fifoGetValue32
                0x020018d0                fifoGetDatamsg
                0x02001e00                fifoSetDatamsgHandler
                0x02001e98                fifoCheckAddress
                0x02001ebc                fifoCheckDatamsg
                0x02001ee0                fifoCheckDatamsgLength
                0x02001f10                fifoCheckValue32
                0x02001f34                fifoInit
 .text          0x02002100       0x60 c:/devkitPro/libnds/lib\libnds9.a(libnds_exit.arm.o)
                0x02002100                systemErrorExit
                0x02002104                __libnds_exit
 .text          0x02002160      0x1e8 c:/devkitPro/libnds/lib\libnds9.a(interrupts.o)
                0x02002160                irqDummy
                0x02002164                irqSet
                0x020021d0                irqInitHandler
                0x020021f8                irqInit
                0x02002248                irqEnable
                0x020022ac                irqDisable
                0x02002310                irqClear
 .text          0x02002348       0x88 c:/devkitPro/libnds/lib\libnds9.a(dcache.o)
                0x02002348                DC_FlushAll
                0x02002374                DC_FlushRange
                0x02002398                DC_InvalidateAll
                0x020023a4                DC_InvalidateRange
 .text          0x020023d0       0x20 c:/devkitPro/libnds/lib\libnds9.a(IntrWait.o)
                0x020023d0                swiIntrWait
 .text          0x020023f0      0x1b4 c:/devkitPro/libnds/lib\libnds9.a(mpu_setup.o)
                0x020023f0                __libnds_mpu_setup
                0x02002530                memCached
                0x02002548                memUncached
 *fill*         0x020025a4        0xc ff
 .text          0x020025b0       0x30 c:/devkitPro/libnds/lib\libnds9.a(swiSoftReset.o)
                0x020025b0                swiSoftReset
 .text          0x020025e0       0x70 c:/devkitPro/libnds/lib\libnds9.a(biosCalls.o)
                0x020025e0                swiDelay
                0x020025e4                swiWaitForVBlank
                0x020025e8                swiSleep
                0x020025ec                swiChangeSoundBias
                0x020025f0                swiDivide
                0x020025f4                swiRemainder
                0x020025fa                swiDivMod
                0x02002606                swiCopy
                0x0200260a                swiFastCopy
                0x0200260e                swiSqrt
                0x02002612                swiCRC16
                0x02002616                swiIsDebugger
                0x0200261a                swiUnpackBits
                0x0200261e                swiDecompressLZSSWram
                0x02002622                swiDecompressLZSSVramNTR
                0x02002626                swiDecompressLZSSVramTWL
                0x0200262a                swiDecompressHuffman
                0x0200262e                swiDecompressRLEWram
                0x02002632                swiDecompressRLEVram
                0x02002636                swiWaitForIRQ
                0x0200263a                swiDecodeDelta8
                0x0200263e                swiDecodeDelta16
                0x02002642                swiSetHaltCR
 .text          0x02002650      0x140 c:/devkitPro/libnds/lib\libnds9.a(system.o)
                0x02002650                setSDcallback
                0x0200265c                systemValueHandler
                0x020026a4                systemMsgHandler
                0x020026f4                systemSleep
                0x0200270c                powerOn
                0x02002738                powerOff
                0x02002760                ledBlink
                0x02002770                getBatteryLevel
 .text          0x02002790      0x1bc c:/devkitPro/libnds/lib\libnds9.a(video.o)
                0x02002790                vramSetMainBanks
                0x020027d4                vramSetPrimaryBanks
                0x020027dc                vramSetBanks_EFG
                0x02002814                vramRestorePrimaryBanks
                0x02002820                vramRestoreMainBanks
                0x0200282c                vramRestoreBanks_EFG
                0x02002838                setBrightness
                0x02002878                vramDefault
 .text          0x0200294c       0x24 c:/devkitPro/libnds/lib\libnds9.a(timeSupport.o)
                0x0200294c                __libnds_gtod
 .text          0x02002970       0x54 c:/devkitpro/devkitarm/bin/../lib/gcc/arm-none-eabi/5.3.0/../../../../arm-none-eabi/lib/thumb\libsysbase.a(sbrk.o)
                0x02002970                _sbrk_r
 .text          0x020029c4       0x4c c:/devkitpro/devkitarm/bin/../lib/gcc/arm-none-eabi/5.3.0/../../../../arm-none-eabi/lib/thumb\libsysbase.a(build_argv.o)
                0x020029c4                build_argv
 .text          0x02002a10      0x104 c:/devkitpro/devkitarm/bin/../lib/gcc/arm-none-eabi/5.3.0/../../../../arm-none-eabi/lib/thumb\libsysbase.a(syscall_support.o)
                0x02002a10                __libc_lock_init
                0x02002a28                __libc_lock_acquire
                0x02002a40                __libc_lock_try_acquire
                0x02002a60                __libc_lock_release
                0x02002a78                __libc_lock_close
                0x02002a90                __libc_lock_init_recursive
                0x02002aa8                __libc_lock_acquire_recursive
                0x02002ac0                __libc_lock_try_acquire_recursive
                0x02002ae0                __libc_lock_release_recursive
                0x02002af8                __libc_lock_close_recursive
 .text          0x02002b14       0x28 c:/devkitpro/devkitarm/bin/../lib/gcc/arm-none-eabi/5.3.0/../../../../arm-none-eabi/lib/thumb\libsysbase.a(getreent.o)
                0x02002b14                __getreent
 *(.text.*)
 .text.startup  0x02002b3c      0x2c4 template.o
                0x02002b3c                main
 .text.bsearch  0x02002e00       0x64 c:/devkitpro/devkitarm/bin/../lib/gcc/arm-none-eabi/5.3.0/../../../../arm-none-eabi/lib/thumb\libg.a(lib_a-bsearch.o)
                0x02002e00                bsearch
 .text.__libc_init_array
                0x02002e64       0x58 c:/devkitpro/devkitarm/bin/../lib/gcc/arm-none-eabi/5.3.0/../../../../arm-none-eabi/lib/thumb\libg.a(lib_a-init.o)
                0x02002e64                __libc_init_array
 .text.malloc   0x02002ebc       0x14 c:/devkitpro/devkitarm/bin/../lib/gcc/arm-none-eabi/5.3.0/../../../../arm-none-eabi/lib/thumb\libg.a(lib_a-malloc.o)
                0x02002ebc                malloc
 .text.free     0x02002ed0       0x14 c:/devkitpro/devkitarm/bin/../lib/gcc/arm-none-eabi/5.3.0/../../../../arm-none-eabi/lib/thumb\libg.a(lib_a-malloc.o)
                0x02002ed0                free
 .text._malloc_r
                0x02002ee4      0x564 c:/devkitpro/devkitarm/bin/../lib/gcc/arm-none-eabi/5.3.0/../../../../arm-none-eabi/lib/thumb\libg.a(lib_a-mallocr.o)
                0x02002ee4                _malloc_r
 .text.memcpy   0x02003448       0x80 c:/devkitpro/devkitarm/bin/../lib/gcc/arm-none-eabi/5.3.0/../../../../arm-none-eabi/lib/thumb\libg.a(lib_a-memcpy.o)
                0x02003448                memcpy
 .text.memset   0x020034c8       0x94 c:/devkitpro/devkitarm/bin/../lib/gcc/arm-none-eabi/5.3.0/../../../../arm-none-eabi/lib/thumb\libg.a(lib_a-memset.o)
                0x020034c8                memset
 .text.__malloc_lock
                0x0200355c       0x14 c:/devkitpro/devkitarm/bin/../lib/gcc/arm-none-eabi/5.3.0/../../../../arm-none-eabi/lib/thumb\libg.a(lib_a-mlock.o)
                0x0200355c                __malloc_lock
 .text.__malloc_unlock
                0x02003570       0x14 c:/devkitpro/devkitarm/bin/../lib/gcc/arm-none-eabi/5.3.0/../../../../arm-none-eabi/lib/thumb\libg.a(lib_a-mlock.o)
                0x02003570                __malloc_unlock
 .text.realloc  0x02003584       0x18 c:/devkitpro/devkitarm/bin/../lib/gcc/arm-none-eabi/5.3.0/../../../../arm-none-eabi/lib/thumb\libg.a(lib_a-realloc.o)
                0x02003584                realloc
 .text._realloc_r
                0x0200359c      0x3ec c:/devkitpro/devkitarm/bin/../lib/gcc/arm-none-eabi/5.3.0/../../../../arm-none-eabi/lib/thumb\libg.a(lib_a-reallocr.o)
                0x0200359c                _realloc_r
 .text._malloc_trim_r
                0x02003988       0xa4 c:/devkitpro/devkitarm/bin/../lib/gcc/arm-none-eabi/5.3.0/../../../../arm-none-eabi/lib/thumb\libg.a(lib_a-freer.o)
                0x02003988                _malloc_trim_r
 .text._free_r  0x02003a2c      0x1c8 c:/devkitpro/devkitarm/bin/../lib/gcc/arm-none-eabi/5.3.0/../../../../arm-none-eabi/lib/thumb\libg.a(lib_a-freer.o)
                0x02003a2c                _free_r
 .text.memmove  0x02003bf4       0x9c c:/devkitpro/devkitarm/bin/../lib/gcc/arm-none-eabi/5.3.0/../../../../arm-none-eabi/lib/thumb\libg.a(lib_a-memmove.o)
                0x02003bf4                memmove
 .text.memmove.__stub
                0x02003c90       0x2c linker stubs
 *(.stub)
 *(.gnu.warning)
 *(.gnu.linkonce.t*)
 *(.glue_7)
 .glue_7        0x02003cc0        0x0 linker stubs
 *(.glue_7t)
 .glue_7t       0x02003cc0        0x0 linker stubs
                0x02003cc0                . = ALIGN (0x4)

.vfp11_veneer   0x02003cc0        0x0
 .vfp11_veneer  0x02003cc0        0x0 linker stubs

.v4_bx          0x02003cc0        0x0
 .v4_bx         0x02003cc0        0x0 linker stubs

.iplt           0x02003cc0        0x0
 .iplt          0x02003cc0        0x0 c:/devkitpro/devkitarm/bin/../lib/gcc/arm-none-eabi/5.3.0/../../../../arm-none-eabi/lib/thumb/ds_arm9_crt0.o

.fini           0x02003cc0        0xc
 *(.fini)
 .fini          0x02003cc0        0x4 c:/devkitpro/devkitarm/bin/../lib/gcc/arm-none-eabi/5.3.0/thumb/crti.o
                0x02003cc0                _fini
 .fini          0x02003cc4        0x8 c:/devkitpro/devkitarm/bin/../lib/gcc/arm-none-eabi/5.3.0/thumb/crtn.o
                0x02003ccc                __text_end = .

.rodata         0x02003ccc     0xed0c
 *(.rodata)
 .rodata        0x02003ccc     0xc200 background.o
                0x02003ccc                backgroundBitmap
                0x0200fccc                backgroundPal
 .rodata        0x0200fecc     0x2200 ifelya.o
                0x0200fecc                ifelyaTiles
                0x02011ecc                ifelyaPal
 .rodata        0x020120cc      0x600 leaf.o
                0x020120cc                leafTiles
                0x020124cc                leafPal
 .rodata        0x020126cc      0x308 c:/devkitPro/libnds/lib\libnds9.a(trig.o)
                0x020126cc                SIN_LUT
                0x020127d0                TAN_LUT
 *all.rodata*(*)
 *(.roda)
 *(.rodata.*)
 .rodata.str1.4
                0x020129d4        0x4 c:/devkitpro/devkitarm/bin/../lib/gcc/arm-none-eabi/5.3.0/../../../../arm-none-eabi/lib/thumb\libg.a(lib_a-impure.o)
 *(.gnu.linkonce.r*)
                0x020129d8                . = ALIGN (0x4)

.ARM.extab
 *(.ARM.extab* .gnu.linkonce.armextab.*)
                0x020129d8                __exidx_start = .

ARM.exidx
 *(.ARM.exidx* .gnu.linkonce.armexidx.*)
                0x020129d8                __exidx_end = .
                0x020129d8                . = ALIGN (0x4)
                0x020129d8                PROVIDE (__preinit_array_start, .)

.preinit_array
 *(.preinit_array)
                0x020129d8                PROVIDE (__preinit_array_end, .)
                0x020129d8                PROVIDE (__init_array_start, .)

.init_array     0x020129d8        0x4
 *(SORT(.init_array.*))
 *(.init_array)
 .init_array    0x020129d8        0x4 c:/devkitpro/devkitarm/bin/../lib/gcc/arm-none-eabi/5.3.0/thumb/crtbegin.o
                0x020129dc                PROVIDE (__init_array_end, .)
                [!provide]                PROVIDE (__fini_array_start, .)

.fini_array     0x020129dc        0x4
 *(.fini_array)
 .fini_array    0x020129dc        0x4 c:/devkitpro/devkitarm/bin/../lib/gcc/arm-none-eabi/5.3.0/thumb/crtbegin.o
 *(SORT(.fini_array.*))
                [!provide]                PROVIDE (__fini_array_end, .)

.ctors          0x020129e0        0x0
 *crtbegin.o(.ctors)
 *(EXCLUDE_FILE(*crtend.o) .ctors)
 *(SORT(.ctors.*))
 *(.ctors)
                0x020129e0                . = ALIGN (0x4)

.dtors          0x020129e0        0x0
 *crtbegin.o(.dtors)
 *(EXCLUDE_FILE(*crtend.o) .dtors)
 *(SORT(.dtors.*))
 *(.dtors)
                0x020129e0                . = ALIGN (0x4)

.eh_frame       0x020129e0        0x4
 *(.eh_frame)
 .eh_frame      0x020129e0        0x0 c:/devkitpro/devkitarm/bin/../lib/gcc/arm-none-eabi/5.3.0/thumb/crtbegin.o
 .eh_frame      0x020129e0        0x4 c:/devkitpro/devkitarm/bin/../lib/gcc/arm-none-eabi/5.3.0/thumb/crtend.o
                0x020129e4                . = ALIGN (0x4)

.rel.dyn        0x020129e4        0x0
 .rel.iplt      0x020129e4        0x0 c:/devkitpro/devkitarm/bin/../lib/gcc/arm-none-eabi/5.3.0/../../../../arm-none-eabi/lib/thumb/ds_arm9_crt0.o

.gcc_except_table
                0x020129e4        0x0
 *(.gcc_except_table)
                0x020129e4                . = ALIGN (0x4)

.jcr            0x020129e4        0x4
 *(.jcr)
 .jcr           0x020129e4        0x0 c:/devkitpro/devkitarm/bin/../lib/gcc/arm-none-eabi/5.3.0/thumb/crtbegin.o
 .jcr           0x020129e4        0x4 c:/devkitpro/devkitarm/bin/../lib/gcc/arm-none-eabi/5.3.0/thumb/crtend.o

.got
 *(.got.plt)
 *(.got)
 *(.rel.got)

.ewram          0x020129e8        0x0
                0x020129e8                __ewram_start = ABSOLUTE (.)
 *(.ewram)
 *ewram.*(.text)
                0x020129e8                . = ALIGN (0x4)

.data           0x020129e8      0x904
                0x020129e8                __data_start = ABSOLUTE (.)
 *(.data)
 .data          0x020129e8        0x3 c:/devkitPro/libnds/lib\libnds9.a(keys.o)
 *fill*         0x020129eb        0x1 ff
 .data          0x020129ec       0x30 c:/devkitPro/libnds/lib\libnds9.a(sprite.o)
                0x020129ec                oamMain
                0x02012a04                oamSub
 .data          0x02012a1c       0x60 c:/devkitPro/libnds/lib\libnds9.a(background.o)
                0x02012a1c                bgScrollTable
                0x02012a3c                bgTransform
                0x02012a5c                bgControl
 .data          0x02012a7c       0x10 c:/devkitPro/libnds/lib\libnds9.a(fifosystem.o)
                0x02012a7c                fifo_buffer_free
                0x02012a80                fifo_freewords
                0x02012a84                fifo_send_queue
                0x02012a88                fifo_receive_queue
 *(.data.*)
 .data.__malloc_av_
                0x02012a8c      0x408 c:/devkitpro/devkitarm/bin/../lib/gcc/arm-none-eabi/5.3.0/../../../../arm-none-eabi/lib/thumb\libg.a(lib_a-mallocr.o)
                0x02012a8c                __malloc_av_
 .data.__malloc_trim_threshold
                0x02012e94        0x4 c:/devkitpro/devkitarm/bin/../lib/gcc/arm-none-eabi/5.3.0/../../../../arm-none-eabi/lib/thumb\libg.a(lib_a-mallocr.o)
                0x02012e94                __malloc_trim_threshold
 .data.__malloc_sbrk_base
                0x02012e98        0x4 c:/devkitpro/devkitarm/bin/../lib/gcc/arm-none-eabi/5.3.0/../../../../arm-none-eabi/lib/thumb\libg.a(lib_a-mallocr.o)
                0x02012e98                __malloc_sbrk_base
 .data.__malloc_lock_object
                0x02012e9c        0xc c:/devkitpro/devkitarm/bin/../lib/gcc/arm-none-eabi/5.3.0/../../../../arm-none-eabi/lib/thumb\libg.a(lib_a-mlock.o)
 .data.impure_data
                0x02012ea8      0x440 c:/devkitpro/devkitarm/bin/../lib/gcc/arm-none-eabi/5.3.0/../../../../arm-none-eabi/lib/thumb\libg.a(lib_a-impure.o)
 .data._impure_ptr
                0x020132e8        0x4 c:/devkitpro/devkitarm/bin/../lib/gcc/arm-none-eabi/5.3.0/../../../../arm-none-eabi/lib/thumb\libg.a(lib_a-impure.o)
                0x020132e8                _impure_ptr
 *(.gnu.linkonce.d*)
                0x020132ec                . = ALIGN (0x4)
                0x020132ec                __data_end = ABSOLUTE (.)
                0x020132ec                __dtcm_lma = .
                0x020132ec                __bss_vma = .

.igot.plt       0x020132ec        0x0
 .igot.plt      0x020132ec        0x0 c:/devkitpro/devkitarm/bin/../lib/gcc/arm-none-eabi/5.3.0/../../../../arm-none-eabi/lib/thumb/ds_arm9_crt0.o

.tm_clone_table
                0x020132ec        0x0
 .tm_clone_table
                0x020132ec        0x0 c:/devkitpro/devkitarm/bin/../lib/gcc/arm-none-eabi/5.3.0/thumb/crtbegin.o
 .tm_clone_table
                0x020132ec        0x0 c:/devkitpro/devkitarm/bin/../lib/gcc/arm-none-eabi/5.3.0/thumb/crtend.o

.dtcm           0x0b000000        0x0 load address 0x020132ec
 *(.dtcm)
 *(.dtcm.*)
                0x0b000000                . = ALIGN (0x4)
                0x0b000000                __dtcm_end = ABSOLUTE (.)
                0x020132ec                __itcm_lma = (__dtcm_lma + SIZEOF (.dtcm))

.itcm           0x01000100      0x194 load address 0x020132ec
 *(.itcm)
 .itcm          0x01000100       0xc8 c:/devkitPro/libnds/lib\libnds9.a(interrupts.o)
                0x01000100                irqTable
 .itcm          0x010001c8       0xcc c:/devkitPro/libnds/lib\libnds9.a(interruptDispatcher.o)
                0x010001c8                IntrMain
 *itcm.*(.text)
                0x01000294                . = ALIGN (0x4)
                0x01000294                __itcm_end = ABSOLUTE (.)
                0x02013480                __vectors_lma = (__itcm_lma + SIZEOF (.itcm))

.vectors        0x01000000        0x0 load address 0x02013480
 *(.vectors)
 *vectors.*(.text)
                0x01000000                . = ALIGN (0x4)
                0x01000000                __vectors_end = ABSOLUTE (.)

.sbss           0x0b000000        0x0
                0x0b000000                __sbss_start = ABSOLUTE (.)
                0x0b000000                __sbss_start__ = ABSOLUTE (.)
 *(.sbss)
                0x0b000000                . = ALIGN (0x4)
                0x0b000000                __sbss_end = ABSOLUTE (.)

.bss            0x020132ec     0x1438
                0x020132ec                __bss_start = ABSOLUTE (.)
                0x020132ec                __bss_start__ = ABSOLUTE (.)
 *(.dynbss)
 *(.gnu.linkonce.b*)
 *(.bss*)
 .bss           0x020132ec       0x1c c:/devkitpro/devkitarm/bin/../lib/gcc/arm-none-eabi/5.3.0/thumb/crtbegin.o
 .bss           0x02013308        0x6 c:/devkitPro/libnds/lib\libnds9.a(keys.o)
 *fill*         0x0201330e        0x2 
 .bss           0x02013310        0x8 c:/devkitPro/libnds/lib\libnds9.a(fifosystem.o)
                0x02013314                processing
 .bss           0x02013318        0x4 c:/devkitPro/libnds/lib\libnds9.a(system.o)
 .bss.__malloc_max_total_mem
                0x0201331c        0x4 c:/devkitpro/devkitarm/bin/../lib/gcc/arm-none-eabi/5.3.0/../../../../arm-none-eabi/lib/thumb\libg.a(lib_a-mallocr.o)
                0x0201331c                __malloc_max_total_mem
 .bss.__malloc_max_sbrked_mem
                0x02013320        0x4 c:/devkitpro/devkitarm/bin/../lib/gcc/arm-none-eabi/5.3.0/../../../../arm-none-eabi/lib/thumb\libg.a(lib_a-mallocr.o)
                0x02013320                __malloc_max_sbrked_mem
 .bss.__malloc_top_pad
                0x02013324        0x4 c:/devkitpro/devkitarm/bin/../lib/gcc/arm-none-eabi/5.3.0/../../../../arm-none-eabi/lib/thumb\libg.a(lib_a-mallocr.o)
                0x02013324                __malloc_top_pad
 .bss.__malloc_current_mallinfo
                0x02013328       0x28 c:/devkitpro/devkitarm/bin/../lib/gcc/arm-none-eabi/5.3.0/../../../../arm-none-eabi/lib/thumb\libg.a(lib_a-mallocr.o)
                0x02013328                __malloc_current_mallinfo
 .bss           0x02013350        0x4 c:/devkitpro/devkitarm/bin/../lib/gcc/arm-none-eabi/5.3.0/../../../../arm-none-eabi/lib/thumb\libsysbase.a(sbrk.o)
 .bss           0x02013354        0x8 c:/devkitpro/devkitarm/bin/../lib/gcc/arm-none-eabi/5.3.0/../../../../arm-none-eabi/lib/thumb\libsysbase.a(malloc_vars.o)
                0x02013354                fake_heap_start
                0x02013358                fake_heap_end
 .bss           0x0201335c       0x38 c:/devkitpro/devkitarm/bin/../lib/gcc/arm-none-eabi/5.3.0/../../../../arm-none-eabi/lib/thumb\libsysbase.a(syscall_support.o)
                0x0201335c                __syscalls
 *(COMMON)
 COMMON         0x02013394      0x800 c:/devkitPro/libnds/lib\libnds9.a(sprite.o)
                0x02013394                OamMemorySub
                0x02013794                OamMemory
 COMMON         0x02013b94      0x148 c:/devkitPro/libnds/lib\libnds9.a(background.o)
                0x02013b94                bgState
                0x02013cd4                bgIsTextLut
 COMMON         0x02013cdc        0x1 c:/devkitPro/libnds/lib\libnds9.a(initSystem.o)
                0x02013cdc                __dsimode
 *fill*         0x02013cdd        0x3 
 COMMON         0x02013ce0      0xa40 c:/devkitPro/libnds/lib\libnds9.a(fifosystem.o)
                0x02013ce0                fifo_datamsg_data
                0x02013d20                fifo_buffer
                0x02014520                fifo_value32_func
                0x02014560                fifo_address_func
                0x020145a0                fifo_value32_data
                0x020145e0                fifo_value32_queue
                0x02014620                fifo_data_queue
                0x02014660                fifo_address_data
                0x020146a0                fifo_datamsg_func
                0x020146e0                fifo_address_queue
 COMMON         0x02014720        0x4 c:/devkitPro/libnds/lib\libnds9.a(timeSupport.o)
                0x02014720                punixTime
                0x02014724                . = ALIGN (0x4)
                0x02014724                __bss_end__ = ABSOLUTE (.)
                0x02014724                __end__ = ABSOLUTE (.)

.stab
 *(.stab)

.stabstr
 *(.stabstr)

.stab.excl
 *(.stab.excl)

.stab.exclstr
 *(.stab.exclstr)

.stab.index
 *(.stab.index)

.stab.indexstr
 *(.stab.indexstr)

.comment        0x00000000       0x44
 *(.comment)
 .comment       0x00000000       0x22 c:/devkitpro/devkitarm/bin/../lib/gcc/arm-none-eabi/5.3.0/thumb/crtbegin.o
                                 0x23 (size before relaxing)
 .comment       0x00000022       0x23 template.o
 .comment       0x00000022       0x22 c:/devkitPro/libnds/lib\libnds9.a(keys.o)
                                 0x23 (size before relaxing)
 .comment       0x00000044       0x23 c:/devkitPro/libnds/lib\libnds9.a(sprite.o)
 .comment       0x00000044       0x23 c:/devkitPro/libnds/lib\libnds9.a(trig.o)
 .comment       0x00000044       0x23 c:/devkitPro/libnds/lib\libnds9.a(sprite_alloc.o)
 .comment       0x00000044       0x23 c:/devkitPro/libnds/lib\libnds9.a(background.o)
 .comment       0x00000044       0x23 c:/devkitPro/libnds/lib\libnds9.a(initSystem.o)
 .comment       0x00000044       0x23 c:/devkitPro/libnds/lib\libnds9.a(fifosystem.o)
 .comment       0x00000044       0x23 c:/devkitPro/libnds/lib\libnds9.a(libnds_exit.arm.o)
 .comment       0x00000044       0x23 c:/devkitPro/libnds/lib\libnds9.a(interrupts.o)
 .comment       0x00000044       0x23 c:/devkitPro/libnds/lib\libnds9.a(system.o)
 .comment       0x00000044       0x23 c:/devkitPro/libnds/lib\libnds9.a(video.o)
 .comment       0x00000044       0x23 c:/devkitPro/libnds/lib\libnds9.a(timeSupport.o)
 .comment       0x00000044       0x23 c:/devkitpro/devkitarm/bin/../lib/gcc/arm-none-eabi/5.3.0/../../../../arm-none-eabi/lib/thumb\libg.a(lib_a-bsearch.o)
 .comment       0x00000044       0x23 c:/devkitpro/devkitarm/bin/../lib/gcc/arm-none-eabi/5.3.0/../../../../arm-none-eabi/lib/thumb\libg.a(lib_a-init.o)
 .comment       0x00000044       0x23 c:/devkitpro/devkitarm/bin/../lib/gcc/arm-none-eabi/5.3.0/../../../../arm-none-eabi/lib/thumb\libg.a(lib_a-malloc.o)
 .comment       0x00000044       0x23 c:/devkitpro/devkitarm/bin/../lib/gcc/arm-none-eabi/5.3.0/../../../../arm-none-eabi/lib/thumb\libg.a(lib_a-mallocr.o)
 .comment       0x00000044       0x23 c:/devkitpro/devkitarm/bin/../lib/gcc/arm-none-eabi/5.3.0/../../../../arm-none-eabi/lib/thumb\libg.a(lib_a-memcpy.o)
 .comment       0x00000044       0x23 c:/devkitpro/devkitarm/bin/../lib/gcc/arm-none-eabi/5.3.0/../../../../arm-none-eabi/lib/thumb\libg.a(lib_a-memset.o)
 .comment       0x00000044       0x23 c:/devkitpro/devkitarm/bin/../lib/gcc/arm-none-eabi/5.3.0/../../../../arm-none-eabi/lib/thumb\libg.a(lib_a-mlock.o)
 .comment       0x00000044       0x23 c:/devkitpro/devkitarm/bin/../lib/gcc/arm-none-eabi/5.3.0/../../../../arm-none-eabi/lib/thumb\libg.a(lib_a-realloc.o)
 .comment       0x00000044       0x23 c:/devkitpro/devkitarm/bin/../lib/gcc/arm-none-eabi/5.3.0/../../../../arm-none-eabi/lib/thumb\libg.a(lib_a-reallocr.o)
 .comment       0x00000044       0x23 c:/devkitpro/devkitarm/bin/../lib/gcc/arm-none-eabi/5.3.0/../../../../arm-none-eabi/lib/thumb\libg.a(lib_a-freer.o)
 .comment       0x00000044       0x23 c:/devkitpro/devkitarm/bin/../lib/gcc/arm-none-eabi/5.3.0/../../../../arm-none-eabi/lib/thumb\libg.a(lib_a-memmove.o)
 .comment       0x00000044       0x23 c:/devkitpro/devkitarm/bin/../lib/gcc/arm-none-eabi/5.3.0/../../../../arm-none-eabi/lib/thumb\libsysbase.a(sbrk.o)
 .comment       0x00000044       0x23 c:/devkitpro/devkitarm/bin/../lib/gcc/arm-none-eabi/5.3.0/../../../../arm-none-eabi/lib/thumb\libsysbase.a(malloc_vars.o)
 .comment       0x00000044       0x23 c:/devkitpro/devkitarm/bin/../lib/gcc/arm-none-eabi/5.3.0/../../../../arm-none-eabi/lib/thumb\libsysbase.a(build_argv.o)
 .comment       0x00000044       0x23 c:/devkitpro/devkitarm/bin/../lib/gcc/arm-none-eabi/5.3.0/../../../../arm-none-eabi/lib/thumb\libsysbase.a(syscall_support.o)
 .comment       0x00000044       0x23 c:/devkitpro/devkitarm/bin/../lib/gcc/arm-none-eabi/5.3.0/../../../../arm-none-eabi/lib/thumb\libsysbase.a(getreent.o)
 .comment       0x00000044       0x23 c:/devkitpro/devkitarm/bin/../lib/gcc/arm-none-eabi/5.3.0/../../../../arm-none-eabi/lib/thumb\libg.a(lib_a-impure.o)
 .comment       0x00000044       0x23 c:/devkitpro/devkitarm/bin/../lib/gcc/arm-none-eabi/5.3.0/thumb/crtend.o

.ARM.attributes
                0x00000000       0x2d
 .ARM.attributes
                0x00000000       0x21 c:/devkitpro/devkitarm/bin/../lib/gcc/arm-none-eabi/5.3.0/../../../../arm-none-eabi/lib/thumb/ds_arm9_crt0.o
 .ARM.attributes
                0x00000021       0x16 c:/devkitpro/devkitarm/bin/../lib/gcc/arm-none-eabi/5.3.0/thumb/crti.o
 .ARM.attributes
                0x00000037       0x30 c:/devkitpro/devkitarm/bin/../lib/gcc/arm-none-eabi/5.3.0/thumb/crtbegin.o
 .ARM.attributes
                0x00000067       0x14 background.o
 .ARM.attributes
                0x0000007b       0x14 ifelya.o
 .ARM.attributes
                0x0000008f       0x14 leaf.o
 .ARM.attributes
                0x000000a3       0x27 template.o
 .ARM.attributes
                0x000000ca       0x27 c:/devkitPro/libnds/lib\libnds9.a(keys.o)
 .ARM.attributes
                0x000000f1       0x27 c:/devkitPro/libnds/lib\libnds9.a(sprite.o)
 .ARM.attributes
                0x00000118       0x27 c:/devkitPro/libnds/lib\libnds9.a(trig.o)
 .ARM.attributes
                0x0000013f       0x27 c:/devkitPro/libnds/lib\libnds9.a(sprite_alloc.o)
 .ARM.attributes
                0x00000166       0x27 c:/devkitPro/libnds/lib\libnds9.a(background.o)
 .ARM.attributes
                0x0000018d       0x27 c:/devkitPro/libnds/lib\libnds9.a(initSystem.o)
 .ARM.attributes
                0x000001b4       0x27 c:/devkitPro/libnds/lib\libnds9.a(fifosystem.o)
 .ARM.attributes
                0x000001db       0x27 c:/devkitPro/libnds/lib\libnds9.a(libnds_exit.arm.o)
 .ARM.attributes
                0x00000202       0x27 c:/devkitPro/libnds/lib\libnds9.a(interrupts.o)
 .ARM.attributes
                0x00000229       0x1b c:/devkitPro/libnds/lib\libnds9.a(dcache.o)
 .ARM.attributes
                0x00000244       0x21 c:/devkitPro/libnds/lib\libnds9.a(IntrWait.o)
 .ARM.attributes
                0x00000265       0x21 c:/devkitPro/libnds/lib\libnds9.a(mpu_setup.o)
 .ARM.attributes
                0x00000286       0x21 c:/devkitPro/libnds/lib\libnds9.a(swiSoftReset.o)
 .ARM.attributes
                0x000002a7       0x1b c:/devkitPro/libnds/lib\libnds9.a(biosCalls.o)
 .ARM.attributes
                0x000002c2       0x1b c:/devkitPro/libnds/lib\libnds9.a(interruptDispatcher.o)
 .ARM.attributes
                0x000002dd       0x27 c:/devkitPro/libnds/lib\libnds9.a(system.o)
 .ARM.attributes
                0x00000304       0x27 c:/devkitPro/libnds/lib\libnds9.a(video.o)
 .ARM.attributes
                0x0000032b       0x27 c:/devkitPro/libnds/lib\libnds9.a(timeSupport.o)
 .ARM.attributes
                0x00000352       0x30 c:/devkitpro/devkitarm/bin/../lib/gcc/arm-none-eabi/5.3.0/../../../../arm-none-eabi/lib/thumb\libg.a(lib_a-bsearch.o)
 .ARM.attributes
                0x00000382       0x30 c:/devkitpro/devkitarm/bin/../lib/gcc/arm-none-eabi/5.3.0/../../../../arm-none-eabi/lib/thumb\libg.a(lib_a-init.o)
 .ARM.attributes
                0x000003b2       0x30 c:/devkitpro/devkitarm/bin/../lib/gcc/arm-none-eabi/5.3.0/../../../../arm-none-eabi/lib/thumb\libg.a(lib_a-malloc.o)
 .ARM.attributes
                0x000003e2       0x30 c:/devkitpro/devkitarm/bin/../lib/gcc/arm-none-eabi/5.3.0/../../../../arm-none-eabi/lib/thumb\libg.a(lib_a-mallocr.o)
 .ARM.attributes
                0x00000412       0x30 c:/devkitpro/devkitarm/bin/../lib/gcc/arm-none-eabi/5.3.0/../../../../arm-none-eabi/lib/thumb\libg.a(lib_a-memcpy.o)
 .ARM.attributes
                0x00000442       0x30 c:/devkitpro/devkitarm/bin/../lib/gcc/arm-none-eabi/5.3.0/../../../../arm-none-eabi/lib/thumb\libg.a(lib_a-memset.o)
 .ARM.attributes
                0x00000472       0x30 c:/devkitpro/devkitarm/bin/../lib/gcc/arm-none-eabi/5.3.0/../../../../arm-none-eabi/lib/thumb\libg.a(lib_a-mlock.o)
 .ARM.attributes
                0x000004a2       0x30 c:/devkitpro/devkitarm/bin/../lib/gcc/arm-none-eabi/5.3.0/../../../../arm-none-eabi/lib/thumb\libg.a(lib_a-realloc.o)
 .ARM.attributes
                0x000004d2       0x30 c:/devkitpro/devkitarm/bin/../lib/gcc/arm-none-eabi/5.3.0/../../../../arm-none-eabi/lib/thumb\libg.a(lib_a-reallocr.o)
 .ARM.attributes
                0x00000502       0x30 c:/devkitpro/devkitarm/bin/../lib/gcc/arm-none-eabi/5.3.0/../../../../arm-none-eabi/lib/thumb\libg.a(lib_a-freer.o)
 .ARM.attributes
                0x00000532       0x30 c:/devkitpro/devkitarm/bin/../lib/gcc/arm-none-eabi/5.3.0/../../../../arm-none-eabi/lib/thumb\libg.a(lib_a-memmove.o)
 .ARM.attributes
                0x00000562       0x30 c:/devkitpro/devkitarm/bin/../lib/gcc/arm-none-eabi/5.3.0/../../../../arm-none-eabi/lib/thumb\libsysbase.a(sbrk.o)
 .ARM.attributes
                0x00000592       0x30 c:/devkitpro/devkitarm/bin/../lib/gcc/arm-none-eabi/5.3.0/../../../../arm-none-eabi/lib/thumb\libsysbase.a(malloc_vars.o)
 .ARM.attributes
                0x000005c2       0x30 c:/devkitpro/devkitarm/bin/../lib/gcc/arm-none-eabi/5.3.0/../../../../arm-none-eabi/lib/thumb\libsysbase.a(build_argv.o)
 .ARM.attributes
                0x000005f2       0x30 c:/devkitpro/devkitarm/bin/../lib/gcc/arm-none-eabi/5.3.0/../../../../arm-none-eabi/lib/thumb\libsysbase.a(syscall_support.o)
 .ARM.attributes
                0x00000622       0x30 c:/devkitpro/devkitarm/bin/../lib/gcc/arm-none-eabi/5.3.0/../../../../arm-none-eabi/lib/thumb\libsysbase.a(getreent.o)
 .ARM.attributes
                0x00000652       0x30 c:/devkitpro/devkitarm/bin/../lib/gcc/arm-none-eabi/5.3.0/../../../../arm-none-eabi/lib/thumb\libg.a(lib_a-impure.o)
 .ARM.attributes
                0x00000682       0x30 c:/devkitpro/devkitarm/bin/../lib/gcc/arm-none-eabi/5.3.0/thumb/crtend.o
 .ARM.attributes
                0x000006b2       0x16 c:/devkitpro/devkitarm/bin/../lib/gcc/arm-none-eabi/5.3.0/thumb/crtn.o

.debug
 *(.debug)

.line
 *(.line)

.debug_srcinfo
 *(.debug_srcinfo)

.debug_sfnames
 *(.debug_sfnames)

.debug_aranges  0x00000000      0x268
 *(.debug_aranges)
 .debug_aranges
                0x00000000       0x28 template.o
 .debug_aranges
                0x00000028       0x20 c:/devkitPro/libnds/lib\libnds9.a(keys.o)
 .debug_aranges
                0x00000048       0x20 c:/devkitPro/libnds/lib\libnds9.a(sprite.o)
 .debug_aranges
                0x00000068       0x20 c:/devkitPro/libnds/lib\libnds9.a(trig.o)
 .debug_aranges
                0x00000088       0x20 c:/devkitPro/libnds/lib\libnds9.a(sprite_alloc.o)
 .debug_aranges
                0x000000a8       0x20 c:/devkitPro/libnds/lib\libnds9.a(background.o)
 .debug_aranges
                0x000000c8       0x20 c:/devkitPro/libnds/lib\libnds9.a(initSystem.o)
 .debug_aranges
                0x000000e8       0x20 c:/devkitPro/libnds/lib\libnds9.a(fifosystem.o)
 .debug_aranges
                0x00000108       0x20 c:/devkitPro/libnds/lib\libnds9.a(libnds_exit.arm.o)
 .debug_aranges
                0x00000128       0x20 c:/devkitPro/libnds/lib\libnds9.a(interrupts.o)
 .debug_aranges
                0x00000148       0x20 c:/devkitPro/libnds/lib\libnds9.a(dcache.o)
 .debug_aranges
                0x00000168       0x20 c:/devkitPro/libnds/lib\libnds9.a(IntrWait.o)
 .debug_aranges
                0x00000188       0x20 c:/devkitPro/libnds/lib\libnds9.a(mpu_setup.o)
 .debug_aranges
                0x000001a8       0x20 c:/devkitPro/libnds/lib\libnds9.a(swiSoftReset.o)
 .debug_aranges
                0x000001c8       0x20 c:/devkitPro/libnds/lib\libnds9.a(biosCalls.o)
 .debug_aranges
                0x000001e8       0x20 c:/devkitPro/libnds/lib\libnds9.a(interruptDispatcher.o)
 .debug_aranges
                0x00000208       0x20 c:/devkitPro/libnds/lib\libnds9.a(system.o)
 .debug_aranges
                0x00000228       0x20 c:/devkitPro/libnds/lib\libnds9.a(video.o)
 .debug_aranges
                0x00000248       0x20 c:/devkitPro/libnds/lib\libnds9.a(timeSupport.o)

.debug_pubnames
 *(.debug_pubnames)

.debug_info     0x00000000     0x8c43
 *(.debug_info)
 .debug_info    0x00000000     0x160a template.o
 .debug_info    0x0000160a      0x408 c:/devkitPro/libnds/lib\libnds9.a(keys.o)
 .debug_info    0x00001a12      0xc41 c:/devkitPro/libnds/lib\libnds9.a(sprite.o)
 .debug_info    0x00002653      0x54d c:/devkitPro/libnds/lib\libnds9.a(trig.o)
 .debug_info    0x00002ba0     0x1046 c:/devkitPro/libnds/lib\libnds9.a(sprite_alloc.o)
 .debug_info    0x00003be6      0xa19 c:/devkitPro/libnds/lib\libnds9.a(background.o)
 .debug_info    0x000045ff     0x10b3 c:/devkitPro/libnds/lib\libnds9.a(initSystem.o)
 .debug_info    0x000056b2     0x1647 c:/devkitPro/libnds/lib\libnds9.a(fifosystem.o)
 .debug_info    0x00006cf9      0x337 c:/devkitPro/libnds/lib\libnds9.a(libnds_exit.arm.o)
 .debug_info    0x00007030      0x5d8 c:/devkitPro/libnds/lib\libnds9.a(interrupts.o)
 .debug_info    0x00007608       0xc8 c:/devkitPro/libnds/lib\libnds9.a(dcache.o)
 .debug_info    0x000076d0       0xd1 c:/devkitPro/libnds/lib\libnds9.a(IntrWait.o)
 .debug_info    0x000077a1       0xd2 c:/devkitPro/libnds/lib\libnds9.a(mpu_setup.o)
 .debug_info    0x00007873       0xd0 c:/devkitPro/libnds/lib\libnds9.a(swiSoftReset.o)
 .debug_info    0x00007943       0xcd c:/devkitPro/libnds/lib\libnds9.a(biosCalls.o)
 .debug_info    0x00007a10       0xd7 c:/devkitPro/libnds/lib\libnds9.a(interruptDispatcher.o)
 .debug_info    0x00007ae7      0x917 c:/devkitPro/libnds/lib\libnds9.a(system.o)
 .debug_info    0x000083fe      0x6f8 c:/devkitPro/libnds/lib\libnds9.a(video.o)
 .debug_info    0x00008af6      0x14d c:/devkitPro/libnds/lib\libnds9.a(timeSupport.o)

.debug_abbrev   0x00000000     0x2077
 *(.debug_abbrev)
 .debug_abbrev  0x00000000      0x3d0 template.o
 .debug_abbrev  0x000003d0      0x17f c:/devkitPro/libnds/lib\libnds9.a(keys.o)
 .debug_abbrev  0x0000054f      0x319 c:/devkitPro/libnds/lib\libnds9.a(sprite.o)
 .debug_abbrev  0x00000868      0x1ef c:/devkitPro/libnds/lib\libnds9.a(trig.o)
 .debug_abbrev  0x00000a57      0x311 c:/devkitPro/libnds/lib\libnds9.a(sprite_alloc.o)
 .debug_abbrev  0x00000d68      0x2b2 c:/devkitPro/libnds/lib\libnds9.a(background.o)
 .debug_abbrev  0x0000101a      0x2d2 c:/devkitPro/libnds/lib\libnds9.a(initSystem.o)
 .debug_abbrev  0x000012ec      0x411 c:/devkitPro/libnds/lib\libnds9.a(fifosystem.o)
 .debug_abbrev  0x000016fd      0x17c c:/devkitPro/libnds/lib\libnds9.a(libnds_exit.arm.o)
 .debug_abbrev  0x00001879      0x284 c:/devkitPro/libnds/lib\libnds9.a(interrupts.o)
 .debug_abbrev  0x00001afd       0x14 c:/devkitPro/libnds/lib\libnds9.a(dcache.o)
 .debug_abbrev  0x00001b11       0x14 c:/devkitPro/libnds/lib\libnds9.a(IntrWait.o)
 .debug_abbrev  0x00001b25       0x14 c:/devkitPro/libnds/lib\libnds9.a(mpu_setup.o)
 .debug_abbrev  0x00001b39       0x14 c:/devkitPro/libnds/lib\libnds9.a(swiSoftReset.o)
 .debug_abbrev  0x00001b4d       0x14 c:/devkitPro/libnds/lib\libnds9.a(biosCalls.o)
 .debug_abbrev  0x00001b61       0x14 c:/devkitPro/libnds/lib\libnds9.a(interruptDispatcher.o)
 .debug_abbrev  0x00001b75      0x24e c:/devkitPro/libnds/lib\libnds9.a(system.o)
 .debug_abbrev  0x00001dc3      0x1f7 c:/devkitPro/libnds/lib\libnds9.a(video.o)
 .debug_abbrev  0x00001fba       0xbd c:/devkitPro/libnds/lib\libnds9.a(timeSupport.o)

.debug_line     0x00000000     0x2ae9
 *(.debug_line)
 .debug_line    0x00000000      0x350 template.o
 .debug_line    0x00000350      0x246 c:/devkitPro/libnds/lib\libnds9.a(keys.o)
 .debug_line    0x00000596      0x350 c:/devkitPro/libnds/lib\libnds9.a(sprite.o)
 .debug_line    0x000008e6      0x268 c:/devkitPro/libnds/lib\libnds9.a(trig.o)
 .debug_line    0x00000b4e      0x2e2 c:/devkitPro/libnds/lib\libnds9.a(sprite_alloc.o)
 .debug_line    0x00000e30      0x325 c:/devkitPro/libnds/lib\libnds9.a(background.o)
 .debug_line    0x00001155      0x38d c:/devkitPro/libnds/lib\libnds9.a(initSystem.o)
 .debug_line    0x000014e2      0x706 c:/devkitPro/libnds/lib\libnds9.a(fifosystem.o)
 .debug_line    0x00001be8      0x223 c:/devkitPro/libnds/lib\libnds9.a(libnds_exit.arm.o)
 .debug_line    0x00001e0b      0x298 c:/devkitPro/libnds/lib\libnds9.a(interrupts.o)
 .debug_line    0x000020a3       0xae c:/devkitPro/libnds/lib\libnds9.a(dcache.o)
 .debug_line    0x00002151       0x97 c:/devkitPro/libnds/lib\libnds9.a(IntrWait.o)
 .debug_line    0x000021e8      0x107 c:/devkitPro/libnds/lib\libnds9.a(mpu_setup.o)
 .debug_line    0x000022ef       0x9d c:/devkitPro/libnds/lib\libnds9.a(swiSoftReset.o)
 .debug_line    0x0000238c       0xc5 c:/devkitPro/libnds/lib\libnds9.a(biosCalls.o)
 .debug_line    0x00002451       0xcd c:/devkitPro/libnds/lib\libnds9.a(interruptDispatcher.o)
 .debug_line    0x0000251e      0x29a c:/devkitPro/libnds/lib\libnds9.a(system.o)
 .debug_line    0x000027b8      0x253 c:/devkitPro/libnds/lib\libnds9.a(video.o)
 .debug_line    0x00002a0b       0xde c:/devkitPro/libnds/lib\libnds9.a(timeSupport.o)

.debug_frame    0x00000000      0x978
 *(.debug_frame)
 .debug_frame   0x00000000       0x6c template.o
 .debug_frame   0x0000006c       0x8c c:/devkitPro/libnds/lib\libnds9.a(keys.o)
 .debug_frame   0x000000f8       0xf0 c:/devkitPro/libnds/lib\libnds9.a(sprite.o)
 .debug_frame   0x000001e8       0xd0 c:/devkitPro/libnds/lib\libnds9.a(trig.o)
 .debug_frame   0x000002b8       0xb4 c:/devkitPro/libnds/lib\libnds9.a(sprite_alloc.o)
 .debug_frame   0x0000036c       0xc0 c:/devkitPro/libnds/lib\libnds9.a(background.o)
 .debug_frame   0x0000042c       0x28 c:/devkitPro/libnds/lib\libnds9.a(initSystem.o)
 .debug_frame   0x00000454      0x2a4 c:/devkitPro/libnds/lib\libnds9.a(fifosystem.o)
 .debug_frame   0x000006f8       0x3c c:/devkitPro/libnds/lib\libnds9.a(libnds_exit.arm.o)
 .debug_frame   0x00000734       0xa4 c:/devkitPro/libnds/lib\libnds9.a(interrupts.o)
 .debug_frame   0x000007d8       0xc8 c:/devkitPro/libnds/lib\libnds9.a(system.o)
 .debug_frame   0x000008a0       0xb8 c:/devkitPro/libnds/lib\libnds9.a(video.o)
 .debug_frame   0x00000958       0x20 c:/devkitPro/libnds/lib\libnds9.a(timeSupport.o)

.debug_str      0x00000000     0x3480
 *(.debug_str)
 .debug_str     0x00000000     0x1016 template.o
                               0x10ce (size before relaxing)
 .debug_str     0x00001016      0x1eb c:/devkitPro/libnds/lib\libnds9.a(keys.o)
                                0x3a0 (size before relaxing)
 .debug_str     0x00001201      0x1dc c:/devkitPro/libnds/lib\libnds9.a(sprite.o)
                                0x865 (size before relaxing)
 .debug_str     0x000013dd       0xfc c:/devkitPro/libnds/lib\libnds9.a(trig.o)
                                0x277 (size before relaxing)
 .debug_str     0x000014d9      0x10d c:/devkitPro/libnds/lib\libnds9.a(sprite_alloc.o)
                                0x808 (size before relaxing)
 .debug_str     0x000015e6      0x2dc c:/devkitPro/libnds/lib\libnds9.a(background.o)
                                0x72f (size before relaxing)
 .debug_str     0x000018c2      0x834 c:/devkitPro/libnds/lib\libnds9.a(initSystem.o)
                                0xbcc (size before relaxing)
 .debug_str     0x000020f6      0x616 c:/devkitPro/libnds/lib\libnds9.a(fifosystem.o)
                                0x89f (size before relaxing)
 .debug_str     0x0000270c      0x1be c:/devkitPro/libnds/lib\libnds9.a(libnds_exit.arm.o)
                                0x36d (size before relaxing)
 .debug_str     0x000028ca       0xb4 c:/devkitPro/libnds/lib\libnds9.a(interrupts.o)
                                0x41d (size before relaxing)
 .debug_str     0x0000297e      0x2d4 c:/devkitPro/libnds/lib\libnds9.a(system.o)
                                0x6c4 (size before relaxing)
 .debug_str     0x00002c52      0x7bc c:/devkitPro/libnds/lib\libnds9.a(video.o)
                                0xbcb (size before relaxing)
 .debug_str     0x0000340e       0x72 c:/devkitPro/libnds/lib\libnds9.a(timeSupport.o)
                                0x1de (size before relaxing)

.debug_loc      0x00000000     0x3c03
 *(.debug_loc)
 .debug_loc     0x00000000      0x424 template.o
 .debug_loc     0x00000424      0x8c2 c:/devkitPro/libnds/lib\libnds9.a(sprite.o)
 .debug_loc     0x00000ce6      0xa4b c:/devkitPro/libnds/lib\libnds9.a(trig.o)
 .debug_loc     0x00001731      0x81f c:/devkitPro/libnds/lib\libnds9.a(sprite_alloc.o)
 .debug_loc     0x00001f50      0x40b c:/devkitPro/libnds/lib\libnds9.a(background.o)
 .debug_loc     0x0000235b       0x1f c:/devkitPro/libnds/lib\libnds9.a(initSystem.o)
 .debug_loc     0x0000237a     0x12bf c:/devkitPro/libnds/lib\libnds9.a(fifosystem.o)
 .debug_loc     0x00003639       0x58 c:/devkitPro/libnds/lib\libnds9.a(libnds_exit.arm.o)
 .debug_loc     0x00003691      0x14b c:/devkitPro/libnds/lib\libnds9.a(interrupts.o)
 .debug_loc     0x000037dc      0x1f9 c:/devkitPro/libnds/lib\libnds9.a(system.o)
 .debug_loc     0x000039d5      0x20d c:/devkitPro/libnds/lib\libnds9.a(video.o)
 .debug_loc     0x00003be2       0x21 c:/devkitPro/libnds/lib\libnds9.a(timeSupport.o)

.debug_macinfo
 *(.debug_macinfo)

.debug_weaknames
 *(.debug_weaknames)

.debug_funcnames
 *(.debug_funcnames)

.debug_typenames
 *(.debug_typenames)

.debug_varnames
 *(.debug_varnames)

.stack          0x00080000        0x0
                0x00080000                _stack = .
 *(.stack)
LOAD c:/devkitpro/devkitarm/bin/../lib/gcc/arm-none-eabi/5.3.0/../../../../arm-none-eabi/lib/thumb/ds_arm9_crt0.o
LOAD c:/devkitpro/devkitarm/bin/../lib/gcc/arm-none-eabi/5.3.0/thumb/crti.o
LOAD c:/devkitpro/devkitarm/bin/../lib/gcc/arm-none-eabi/5.3.0/thumb/crtbegin.o
LOAD background.o
LOAD ifelya.o
LOAD leaf.o
LOAD woman.o
LOAD template.o
LOAD c:/devkitPro/libnds/lib\libnds9.a
START GROUP
LOAD c:/devkitpro/devkitarm/bin/../lib/gcc/arm-none-eabi/5.3.0/thumb\libgcc.a
LOAD c:/devkitpro/devkitarm/bin/../lib/gcc/arm-none-eabi/5.3.0/../../../../arm-none-eabi/lib/thumb\libg.a
LOAD c:/devkitpro/devkitarm/bin/../lib/gcc/arm-none-eabi/5.3.0/../../../../arm-none-eabi/lib/thumb\libc.a
LOAD c:/devkitpro/devkitarm/bin/../lib/gcc/arm-none-eabi/5.3.0/../../../../arm-none-eabi/lib/thumb\libsysbase.a
END GROUP
LOAD c:/devkitpro/devkitarm/bin/../lib/gcc/arm-none-eabi/5.3.0/thumb/crtend.o
LOAD c:/devkitpro/devkitarm/bin/../lib/gcc/arm-none-eabi/5.3.0/thumb/crtn.o
OUTPUT(c:/devkitPro/examples/nds/templates/Ifelya/Ifelya.elf elf32-littlearm)

.debug_ranges   0x00000000      0x798
 .debug_ranges  0x00000000      0x110 template.o
 .debug_ranges  0x00000110       0x58 c:/devkitPro/libnds/lib\libnds9.a(sprite.o)
 .debug_ranges  0x00000168       0x58 c:/devkitPro/libnds/lib\libnds9.a(trig.o)
 .debug_ranges  0x000001c0       0x68 c:/devkitPro/libnds/lib\libnds9.a(sprite_alloc.o)
 .debug_ranges  0x00000228       0x88 c:/devkitPro/libnds/lib\libnds9.a(background.o)
 .debug_ranges  0x000002b0      0x3e0 c:/devkitPro/libnds/lib\libnds9.a(fifosystem.o)
 .debug_ranges  0x00000690       0xc0 c:/devkitPro/libnds/lib\libnds9.a(interrupts.o)
 .debug_ranges  0x00000750       0x48 c:/devkitPro/libnds/lib\libnds9.a(video.o)
